****************************************
Report : constraint
        -verbose
        -all_violators
        -max_capacitance
Design : i2c_master_top
Version: O-2018.06-SP1
Date   : Mon May  6 23:09:02 2024
****************************************




   Total number of violation(s): 0
1
****************************************
Report : constraint
        -verbose
        -all_violators
        -max_capacitance
Design : i2c_master_top
Version: V-2023.12
Date   : Tue May  7 12:25:06 2024
****************************************



   Mode: default Corner: default
   Scenario: default
  ---------------------------------------------------------------------------
   Number of max_capacitance violation(s): 0

   Total number of violation(s): 0
1
****************************************
Report : constraint
        -verbose
        -all_violators
        -max_capacitance
Design : i2c_master_top
Version: V-2023.12
Date   : Tue May  7 12:30:03 2024
****************************************



   Mode: default Corner: default
   Scenario: default
  ---------------------------------------------------------------------------
   Number of max_capacitance violation(s): 0

   Total number of violation(s): 0
1
****************************************
Report : constraint
        -verbose
        -all_violators
        -max_capacitance
Design : i2c_master_top
Version: V-2023.12
Date   : Tue May  7 12:40:17 2024
****************************************



   Mode: default Corner: default
   Scenario: default
  ---------------------------------------------------------------------------
   Number of max_capacitance violation(s): 0

   Total number of violation(s): 0
1
****************************************
Report : constraint
        -verbose
        -all_violators
        -max_capacitance
Design : i2c_master_top
Version: V-2023.12
Date   : Tue May  7 12:55:54 2024
****************************************



   Mode: default Corner: default
   Scenario: default
  ---------------------------------------------------------------------------
   Number of max_capacitance violation(s): 0

   Total number of violation(s): 0
1
****************************************
Report : constraint
        -verbose
        -all_violators
        -max_capacitance
Design : i2c_master_top
Version: V-2023.12
Date   : Tue May  7 13:44:12 2024
****************************************



   Mode: default Corner: default
   Scenario: default
  ---------------------------------------------------------------------------
   Number of max_capacitance violation(s): 0

   Total number of violation(s): 0
1
****************************************
Report : constraint
        -verbose
        -all_violators
        -max_capacitance
Design : i2c_master_top
Version: V-2023.12
Date   : Tue May  7 13:47:29 2024
****************************************



   Mode: default Corner: default
   Scenario: default
  ---------------------------------------------------------------------------
   Number of max_capacitance violation(s): 0

   Total number of violation(s): 0
1
