 
****************************************
Report : area
Design : i2c_master_top
Version: V-2023.12
Date   : Tue May  7 12:41:30 2024
****************************************

Information: Updating design information... (UID-85)
Library(s) Used:

    saed90nm_max_lth (File: /home/vlsi/Synopsys/Project/I2C/Standard_Cells/saed90nm_max_lth.db)

Number of ports:                          185
Number of nets:                           821
Number of cells:                          583
Number of combinational cells:            420
Number of sequential cells:               153
Number of macros/black boxes:               0
Number of buf/inv:                         67
Number of references:                      20

Combinational area:               3748.147194
Buf/Inv area:                      370.483210
Noncombinational area:            4827.340860
Macro/Black Box area:                0.000000
Net Interconnect area:             493.313844

Total cell area:                  8575.488054
Total area:                       9068.801898
1
